=== Dataset debug report — family=exponential ===
Total training samples: 320  classes: [0, 1, 3, 5]

--- class 0 ---
  n_samples:      80
  shape:          T=91, N_raw=200
  values:         min=2.441e-05  max=137.5  mean=2.116  std=8.09  skew=6.556
  NaN fraction:   0.00%
  timesteps with resampling (per-series): 7280
  goodness-of-fit (MLE, mean over T):
    KS statistic:  0.6007   (closer to 0 = better fit)
    AD statistic:  21585.7158   (lower = better fit)

--- class 1 ---
  n_samples:      80
  shape:          T=91, N_raw=200
  values:         min=2.441e-05  max=3738  mean=5.994  std=39  skew=24.42
  NaN fraction:   0.00%
  timesteps with resampling (per-series): 7280
  goodness-of-fit (MLE, mean over T):
    KS statistic:  0.6391   (closer to 0 = better fit)
    AD statistic:  29413.6695   (lower = better fit)

--- class 3 ---
  n_samples:      80
  shape:          T=91, N_raw=200
  values:         min=2.441e-05  max=411.6  mean=3.655  std=15.64  skew=9.474
  NaN fraction:   0.00%
  timesteps with resampling (per-series): 7280
  goodness-of-fit (MLE, mean over T):
    KS statistic:  0.5244   (closer to 0 = better fit)
    AD statistic:  18978.9611   (lower = better fit)

--- class 5 ---
  n_samples:      80
  shape:          T=91, N_raw=200
  values:         min=2.441e-05  max=948.7  mean=4.203  std=19.34  skew=12.94
  NaN fraction:   0.00%
  timesteps with resampling (per-series): 7280
  goodness-of-fit (MLE, mean over T):
    KS statistic:  0.5186   (closer to 0 = better fit)
    AD statistic:  18242.9207   (lower = better fit)

