=== Dataset debug report — family=exponential ===
Total training samples: 320  classes: [0, 1, 3, 5]

--- class 0 ---
  n_samples:      80
  shape:          T=182, N_raw=100
  values:         min=2.441e-05  max=137.5  mean=2.117  std=8.103  skew=6.57
  NaN fraction:   0.00%
  timesteps with resampling (per-series): 14560
  goodness-of-fit (MLE, mean over T):
    KS statistic:  0.5990   (closer to 0 = better fit)
    AD statistic:  10534.1781   (lower = better fit)

--- class 1 ---
  n_samples:      80
  shape:          T=182, N_raw=100
  values:         min=2.441e-05  max=3754  mean=5.949  std=38.3  skew=24.11
  NaN fraction:   0.00%
  timesteps with resampling (per-series): 14560
  goodness-of-fit (MLE, mean over T):
    KS statistic:  0.6353   (closer to 0 = better fit)
    AD statistic:  14224.1145   (lower = better fit)

--- class 3 ---
  n_samples:      80
  shape:          T=182, N_raw=100
  values:         min=2.441e-05  max=411.5  mean=3.665  std=15.67  skew=9.464
  NaN fraction:   0.00%
  timesteps with resampling (per-series): 14560
  goodness-of-fit (MLE, mean over T):
    KS statistic:  0.5194   (closer to 0 = better fit)
    AD statistic:  9131.7074   (lower = better fit)

--- class 5 ---
  n_samples:      80
  shape:          T=182, N_raw=100
  values:         min=1e-08  max=945.7  mean=4.196  std=19.3  skew=13.01
  NaN fraction:   0.00%
  timesteps with resampling (per-series): 14560
  goodness-of-fit (MLE, mean over T):
    KS statistic:  0.5140   (closer to 0 = better fit)
    AD statistic:  8746.9859   (lower = better fit)

