===== 2026-07-14 14:02:36 exp1_knn_baseline starting =====
----- river -----
[14:02:37] ===== full_baseline config=configs/exp1_baseline.yaml seed=42 n_jobs=4 sta_n_jobs=2 dataset=river gamma=None modes=['knn'] force=False debug=True verbose=True =====
[14:02:37] methods=['wasps', 'wasps_nodiv', 'eucl_params', 'eucl_params_nodiv', 'eucl_raw', 'eucl_raw_nodiv', 'sta'] bary_methods=['wasps', 'wasps_nodiv', 'eucl_params', 'eucl_params_nodiv', 'eucl_raw', 'eucl_raw_nodiv'] n_seeds=5 estimator=log_cumulant gamma_by_method={'wasps': 0.01, 'wasps_nodiv': 0.01, 'eucl_params': 100.0, 'eucl_params_nodiv': 100.0, 'eucl_raw': 1.0, 'eucl_raw_nodiv': 1.0, 'sta': 0.0001}
[14:02:37] [full_baseline/river] gamma=0.01 mode=knn method=wasps computing seeds=[42, 43, 44, 45, 46]
[Parallel(n_jobs=4)]: Using backend LokyBackend with 4 concurrent workers.
[14:02:39] [load] fold=None seed=43 T=52 aggregate_days=7 window_size=None samples_per_step=48 n_train=105 (cap=105) n_test=160 (cap=175) classes_train=[0, 1, 4, 5]
[14:02:39]   [river] gamma=0.01 method=wasps mode=knn seed=43 data loaded in 0.52s (n_train=105 n_test=160)
[14:02:39] [load] fold=None seed=42 T=52 aggregate_days=7 window_size=None samples_per_step=48 n_train=105 (cap=105) n_test=160 (cap=175) classes_train=[0, 1, 4, 5]
[14:02:39]   [river] gamma=0.01 method=wasps mode=knn seed=42 data loaded in 0.52s (n_train=105 n_test=160)
[14:02:39] [load] fold=None seed=45 T=52 aggregate_days=7 window_size=None samples_per_step=48 n_train=105 (cap=105) n_test=160 (cap=175) classes_train=[0, 1, 4, 5]
[14:02:39]   [river] gamma=0.01 method=wasps mode=knn seed=45 data loaded in 0.52s (n_train=105 n_test=160)
[14:02:40] [load] fold=None seed=44 T=52 aggregate_days=7 window_size=None samples_per_step=48 n_train=105 (cap=105) n_test=160 (cap=175) classes_train=[0, 1, 4, 5]
[14:02:40]   [river] gamma=0.01 method=wasps mode=knn seed=44 data loaded in 0.54s (n_train=105 n_test=160)
[warn] build_repr: dropped 2/105 series with NaN params (timesteps where log_cumulant failed)
[warn] build_repr: dropped 1/105 series with NaN params (timesteps where log_cumulant failed)
[warn] build_repr: dropped 3/105 series with NaN params (timesteps where log_cumulant failed)
[warn] build_repr: dropped 3/160 series with NaN params (timesteps where log_cumulant failed)
[warn] build_repr: dropped 2/160 series with NaN params (timesteps where log_cumulant failed)
[warn] build_repr: dropped 2/160 series with NaN params (timesteps where log_cumulant failed)
[warn] build_repr: dropped 4/160 series with NaN params (timesteps where log_cumulant failed)
[14:02:41]   [river] gamma=0.01 mode=knn seed=42 finished wasps in 1.7s (f1=0.537)
[14:02:41]   [river] gamma=0.01 mode=knn seed=44 finished wasps in 1.7s (f1=0.583)
[Parallel(n_jobs=4)]: Done   2 out of   5 | elapsed:    3.8s remaining:    5.7s
[14:02:41]   [river] gamma=0.01 mode=knn seed=45 finished wasps in 1.8s (f1=0.574)
[Parallel(n_jobs=4)]: Done   3 out of   5 | elapsed:    3.9s remaining:    2.6s
[14:02:41]   [river] gamma=0.01 mode=knn seed=43 finished wasps in 1.9s (f1=0.645)
[14:02:42] [load] fold=None seed=46 T=52 aggregate_days=7 window_size=None samples_per_step=48 n_train=105 (cap=105) n_test=160 (cap=175) classes_train=[0, 1, 4, 5]
[14:02:42]   [river] gamma=0.01 method=wasps mode=knn seed=46 data loaded in 0.47s (n_train=105 n_test=160)
[warn] build_repr: dropped 2/105 series with NaN params (timesteps where log_cumulant failed)
[warn] build_repr: dropped 1/160 series with NaN params (timesteps where log_cumulant failed)
[14:02:43]   [river] gamma=0.01 mode=knn seed=46 finished wasps in 1.5s (f1=0.640)
[Parallel(n_jobs=4)]: Done   5 out of   5 | elapsed:    5.9s finished
[14:02:44] [full_baseline/river] gamma=0.01 mode=knn method=wasps batch done in 5.9s peak_rss=2602MB (avg/job=651MB)
[14:02:44] [full_baseline/river] gamma=0.01 mode=knn method=wasps_nodiv computing seeds=[42, 43, 44, 45, 46]
[Parallel(n_jobs=4)]: Using backend LokyBackend with 4 concurrent workers.
[14:02:46] [load] fold=None seed=45 T=52 aggregate_days=7 window_size=None samples_per_step=48 n_train=105 (cap=105) n_test=160 (cap=175) classes_train=[0, 1, 4, 5]
[14:02:46]   [river] gamma=0.01 method=wasps_nodiv mode=knn seed=45 data loaded in 0.52s (n_train=105 n_test=160)
[14:02:46] [load] fold=None seed=44 T=52 aggregate_days=7 window_size=None samples_per_step=48 n_train=105 (cap=105) n_test=160 (cap=175) classes_train=[0, 1, 4, 5]
[14:02:46]   [river] gamma=0.01 method=wasps_nodiv mode=knn seed=44 data loaded in 0.53s (n_train=105 n_test=160)
[14:02:46] [load] fold=None seed=42 T=52 aggregate_days=7 window_size=None samples_per_step=48 n_train=105 (cap=105) n_test=160 (cap=175) classes_train=[0, 1, 4, 5]
[14:02:46]   [river] gamma=0.01 method=wasps_nodiv mode=knn seed=42 data loaded in 0.53s (n_train=105 n_test=160)
[14:02:46] [load] fold=None seed=43 T=52 aggregate_days=7 window_size=None samples_per_step=48 n_train=105 (cap=105) n_test=160 (cap=175) classes_train=[0, 1, 4, 5]
[14:02:46]   [river] gamma=0.01 method=wasps_nodiv mode=knn seed=43 data loaded in 0.53s (n_train=105 n_test=160)
[warn] build_repr: dropped 3/105 series with NaN params (timesteps where log_cumulant failed)
[warn] build_repr: dropped 1/105 series with NaN params (timesteps where log_cumulant failed)
[warn] build_repr: dropped 2/105 series with NaN params (timesteps where log_cumulant failed)
[warn] build_repr: dropped 2/160 series with NaN params (timesteps where log_cumulant failed)
[warn] build_repr: dropped 4/160 series with NaN params (timesteps where log_cumulant failed)
[warn] build_repr: dropped 2/160 series with NaN params (timesteps where log_cumulant failed)
[warn] build_repr: dropped 3/160 series with NaN params (timesteps where log_cumulant failed)
[14:02:47]   [river] gamma=0.01 mode=knn seed=42 finished wasps_nodiv in 1.1s (f1=0.556)
[14:02:47]   [river] gamma=0.01 mode=knn seed=44 finished wasps_nodiv in 1.1s (f1=0.604)
[Parallel(n_jobs=4)]: Done   2 out of   5 | elapsed:    3.2s remaining:    4.7s
[14:02:47]   [river] gamma=0.01 mode=knn seed=45 finished wasps_nodiv in 1.2s (f1=0.586)
[Parallel(n_jobs=4)]: Done   3 out of   5 | elapsed:    3.2s remaining:    2.1s
[14:02:47]   [river] gamma=0.01 mode=knn seed=43 finished wasps_nodiv in 1.2s (f1=0.612)
[14:02:47] [load] fold=None seed=46 T=52 aggregate_days=7 window_size=None samples_per_step=48 n_train=105 (cap=105) n_test=160 (cap=175) classes_train=[0, 1, 4, 5]
[14:02:47]   [river] gamma=0.01 method=wasps_nodiv mode=knn seed=46 data loaded in 0.48s (n_train=105 n_test=160)
[warn] build_repr: dropped 2/105 series with NaN params (timesteps where log_cumulant failed)
[warn] build_repr: dropped 1/160 series with NaN params (timesteps where log_cumulant failed)
[14:02:48]   [river] gamma=0.01 mode=knn seed=46 finished wasps_nodiv in 1.0s (f1=0.657)
[Parallel(n_jobs=4)]: Done   5 out of   5 | elapsed:    4.7s finished
[14:02:49] [full_baseline/river] gamma=0.01 mode=knn method=wasps_nodiv batch done in 4.7s peak_rss=2429MB (avg/job=607MB)
[14:02:49] [full_baseline/river] gamma=100.0 mode=knn method=eucl_params computing seeds=[42, 43, 44, 45, 46]
[Parallel(n_jobs=4)]: Using backend LokyBackend with 4 concurrent workers.
[14:02:51] [load] fold=None seed=44 T=52 aggregate_days=7 window_size=None samples_per_step=48 n_train=105 (cap=105) n_test=160 (cap=175) classes_train=[0, 1, 4, 5]
[14:02:51]   [river] gamma=100.0 method=eucl_params mode=knn seed=44 data loaded in 0.53s (n_train=105 n_test=160)
[14:02:51] [load] fold=None seed=45 T=52 aggregate_days=7 window_size=None samples_per_step=48 n_train=105 (cap=105) n_test=160 (cap=175) classes_train=[0, 1, 4, 5]
[14:02:51]   [river] gamma=100.0 method=eucl_params mode=knn seed=45 data loaded in 0.53s (n_train=105 n_test=160)
[14:02:51] [load] fold=None seed=43 T=52 aggregate_days=7 window_size=None samples_per_step=48 n_train=105 (cap=105) n_test=160 (cap=175) classes_train=[0, 1, 4, 5]
[14:02:51]   [river] gamma=100.0 method=eucl_params mode=knn seed=43 data loaded in 0.55s (n_train=105 n_test=160)
[14:02:51] [load] fold=None seed=42 T=52 aggregate_days=7 window_size=None samples_per_step=48 n_train=105 (cap=105) n_test=160 (cap=175) classes_train=[0, 1, 4, 5]
[14:02:51]   [river] gamma=100.0 method=eucl_params mode=knn seed=42 data loaded in 0.53s (n_train=105 n_test=160)
[warn] build_repr: dropped 3/105 series with NaN params (timesteps where log_cumulant failed)
[warn] build_repr: dropped 2/105 series with NaN params (timesteps where log_cumulant failed)
[warn] build_repr: dropped 1/105 series with NaN params (timesteps where log_cumulant failed)
[warn] build_repr: dropped 4/160 series with NaN params (timesteps where log_cumulant failed)
[warn] build_repr: dropped 2/160 series with NaN params (timesteps where log_cumulant failed)
[warn] build_repr: dropped 3/160 series with NaN params (timesteps where log_cumulant failed)
[warn] build_repr: dropped 2/160 series with NaN params (timesteps where log_cumulant failed)
[14:02:53]   [river] gamma=100.0 mode=knn seed=42 finished eucl_params in 1.6s (f1=0.526)
[14:02:53]   [river] gamma=100.0 mode=knn seed=44 finished eucl_params in 1.8s (f1=0.520)
[Parallel(n_jobs=4)]: Done   2 out of   5 | elapsed:    3.8s remaining:    5.7s
[14:02:53]   [river] gamma=100.0 mode=knn seed=45 finished eucl_params in 1.8s (f1=0.468)
[Parallel(n_jobs=4)]: Done   3 out of   5 | elapsed:    3.8s remaining:    2.6s
[14:02:53]   [river] gamma=100.0 mode=knn seed=43 finished eucl_params in 1.8s (f1=0.604)
[14:02:53] [load] fold=None seed=46 T=52 aggregate_days=7 window_size=None samples_per_step=48 n_train=105 (cap=105) n_test=160 (cap=175) classes_train=[0, 1, 4, 5]
[14:02:53]   [river] gamma=100.0 method=eucl_params mode=knn seed=46 data loaded in 0.52s (n_train=105 n_test=160)
[warn] build_repr: dropped 2/105 series with NaN params (timesteps where log_cumulant failed)
[warn] build_repr: dropped 1/160 series with NaN params (timesteps where log_cumulant failed)
[14:02:55]   [river] gamma=100.0 mode=knn seed=46 finished eucl_params in 1.4s (f1=0.581)
[Parallel(n_jobs=4)]: Done   5 out of   5 | elapsed:    5.6s finished
[14:02:55] [full_baseline/river] gamma=100.0 mode=knn method=eucl_params batch done in 5.6s peak_rss=2600MB (avg/job=650MB)
[14:02:55] [full_baseline/river] gamma=100.0 mode=knn method=eucl_params_nodiv computing seeds=[42, 43, 44, 45, 46]
[Parallel(n_jobs=4)]: Using backend LokyBackend with 4 concurrent workers.
[14:02:57] [load] fold=None seed=43 T=52 aggregate_days=7 window_size=None samples_per_step=48 n_train=105 (cap=105) n_test=160 (cap=175) classes_train=[0, 1, 4, 5]
[14:02:57]   [river] gamma=100.0 method=eucl_params_nodiv mode=knn seed=43 data loaded in 0.54s (n_train=105 n_test=160)
[14:02:57] [load] fold=None seed=45 T=52 aggregate_days=7 window_size=None samples_per_step=48 n_train=105 (cap=105) n_test=160 (cap=175) classes_train=[0, 1, 4, 5]
[14:02:57]   [river] gamma=100.0 method=eucl_params_nodiv mode=knn seed=45 data loaded in 0.55s (n_train=105 n_test=160)
[14:02:57] [load] fold=None seed=42 T=52 aggregate_days=7 window_size=None samples_per_step=48 n_train=105 (cap=105) n_test=160 (cap=175) classes_train=[0, 1, 4, 5]
[14:02:57]   [river] gamma=100.0 method=eucl_params_nodiv mode=knn seed=42 data loaded in 0.55s (n_train=105 n_test=160)
[14:02:57] [load] fold=None seed=44 T=52 aggregate_days=7 window_size=None samples_per_step=48 n_train=105 (cap=105) n_test=160 (cap=175) classes_train=[0, 1, 4, 5]
[14:02:57]   [river] gamma=100.0 method=eucl_params_nodiv mode=knn seed=44 data loaded in 0.56s (n_train=105 n_test=160)
[warn] build_repr: dropped 2/105 series with NaN params (timesteps where log_cumulant failed)
[warn] build_repr: dropped 3/105 series with NaN params (timesteps where log_cumulant failed)
[warn] build_repr: dropped 1/105 series with NaN params (timesteps where log_cumulant failed)
[warn] build_repr: dropped 3/160 series with NaN params (timesteps where log_cumulant failed)
[warn] build_repr: dropped 2/160 series with NaN params (timesteps where log_cumulant failed)
[warn] build_repr: dropped 2/160 series with NaN params (timesteps where log_cumulant failed)
[warn] build_repr: dropped 4/160 series with NaN params (timesteps where log_cumulant failed)
[14:02:58]   [river] gamma=100.0 mode=knn seed=42 finished eucl_params_nodiv in 1.1s (f1=0.498)
[14:02:58]   [river] gamma=100.0 mode=knn seed=43 finished eucl_params_nodiv in 1.2s (f1=0.548)
[14:02:58]   [river] gamma=100.0 mode=knn seed=44 finished eucl_params_nodiv in 1.2s (f1=0.441)
[Parallel(n_jobs=4)]: Done   2 out of   5 | elapsed:    3.2s remaining:    4.9s
[Parallel(n_jobs=4)]: Done   3 out of   5 | elapsed:    3.2s remaining:    2.2s
[14:02:58]   [river] gamma=100.0 mode=knn seed=45 finished eucl_params_nodiv in 1.2s (f1=0.443)
[14:02:59] [load] fold=None seed=46 T=52 aggregate_days=7 window_size=None samples_per_step=48 n_train=105 (cap=105) n_test=160 (cap=175) classes_train=[0, 1, 4, 5]
[14:02:59]   [river] gamma=100.0 method=eucl_params_nodiv mode=knn seed=46 data loaded in 0.46s (n_train=105 n_test=160)
[warn] build_repr: dropped 2/105 series with NaN params (timesteps where log_cumulant failed)
[warn] build_repr: dropped 1/160 series with NaN params (timesteps where log_cumulant failed)
[14:03:00]   [river] gamma=100.0 mode=knn seed=46 finished eucl_params_nodiv in 1.0s (f1=0.517)
[Parallel(n_jobs=4)]: Done   5 out of   5 | elapsed:    4.7s finished
[14:03:00] [full_baseline/river] gamma=100.0 mode=knn method=eucl_params_nodiv batch done in 4.7s peak_rss=2491MB (avg/job=623MB)
[14:03:00] [full_baseline/river] gamma=1.0 mode=knn method=eucl_raw computing seeds=[42, 43, 44, 45, 46]
[Parallel(n_jobs=4)]: Using backend LokyBackend with 4 concurrent workers.
[14:03:02] [load] fold=None seed=42 T=52 aggregate_days=7 window_size=None samples_per_step=48 n_train=105 (cap=105) n_test=160 (cap=175) classes_train=[0, 1, 4, 5]
[14:03:02]   [river] gamma=1.0 method=eucl_raw mode=knn seed=42 data loaded in 0.54s (n_train=105 n_test=160)
[14:03:02] [load] fold=None seed=44 T=52 aggregate_days=7 window_size=None samples_per_step=48 n_train=105 (cap=105) n_test=160 (cap=175) classes_train=[0, 1, 4, 5]
[14:03:02]   [river] gamma=1.0 method=eucl_raw mode=knn seed=44 data loaded in 0.55s (n_train=105 n_test=160)
[14:03:02] [load] fold=None seed=45 T=52 aggregate_days=7 window_size=None samples_per_step=48 n_train=105 (cap=105) n_test=160 (cap=175) classes_train=[0, 1, 4, 5]
[14:03:02]   [river] gamma=1.0 method=eucl_raw mode=knn seed=45 data loaded in 0.56s (n_train=105 n_test=160)
[14:03:02] [load] fold=None seed=43 T=52 aggregate_days=7 window_size=None samples_per_step=48 n_train=105 (cap=105) n_test=160 (cap=175) classes_train=[0, 1, 4, 5]
[14:03:02]   [river] gamma=1.0 method=eucl_raw mode=knn seed=43 data loaded in 0.57s (n_train=105 n_test=160)
[14:03:04]   [river] gamma=1.0 mode=knn seed=45 finished eucl_raw in 1.7s (f1=0.528)
[14:03:04]   [river] gamma=1.0 mode=knn seed=42 finished eucl_raw in 1.8s (f1=0.436)
[Parallel(n_jobs=4)]: Done   2 out of   5 | elapsed:    3.8s remaining:    5.8s
[14:03:04]   [river] gamma=1.0 mode=knn seed=43 finished eucl_raw in 1.7s (f1=0.508)
[Parallel(n_jobs=4)]: Done   3 out of   5 | elapsed:    3.9s remaining:    2.6s
[14:03:04]   [river] gamma=1.0 mode=knn seed=44 finished eucl_raw in 1.8s (f1=0.592)
[14:03:05] [load] fold=None seed=46 T=52 aggregate_days=7 window_size=None samples_per_step=48 n_train=105 (cap=105) n_test=160 (cap=175) classes_train=[0, 1, 4, 5]
[14:03:05]   [river] gamma=1.0 method=eucl_raw mode=knn seed=46 data loaded in 0.47s (n_train=105 n_test=160)
[14:03:06]   [river] gamma=1.0 mode=knn seed=46 finished eucl_raw in 1.2s (f1=0.555)
[Parallel(n_jobs=4)]: Done   5 out of   5 | elapsed:    5.6s finished
[14:03:06] [full_baseline/river] gamma=1.0 mode=knn method=eucl_raw batch done in 5.6s peak_rss=2661MB (avg/job=665MB)
[14:03:06] [full_baseline/river] gamma=1.0 mode=knn method=eucl_raw_nodiv computing seeds=[42, 43, 44, 45, 46]
[Parallel(n_jobs=4)]: Using backend LokyBackend with 4 concurrent workers.
[14:03:08] [load] fold=None seed=43 T=52 aggregate_days=7 window_size=None samples_per_step=48 n_train=105 (cap=105) n_test=160 (cap=175) classes_train=[0, 1, 4, 5]
[14:03:08]   [river] gamma=1.0 method=eucl_raw_nodiv mode=knn seed=43 data loaded in 0.53s (n_train=105 n_test=160)
[14:03:08] [load] fold=None seed=45 T=52 aggregate_days=7 window_size=None samples_per_step=48 n_train=105 (cap=105) n_test=160 (cap=175) classes_train=[0, 1, 4, 5]
[14:03:08]   [river] gamma=1.0 method=eucl_raw_nodiv mode=knn seed=45 data loaded in 0.54s (n_train=105 n_test=160)
[14:03:08] [load] fold=None seed=44 T=52 aggregate_days=7 window_size=None samples_per_step=48 n_train=105 (cap=105) n_test=160 (cap=175) classes_train=[0, 1, 4, 5]
[14:03:08]   [river] gamma=1.0 method=eucl_raw_nodiv mode=knn seed=44 data loaded in 0.55s (n_train=105 n_test=160)
[14:03:09] [load] fold=None seed=42 T=52 aggregate_days=7 window_size=None samples_per_step=48 n_train=105 (cap=105) n_test=160 (cap=175) classes_train=[0, 1, 4, 5]
[14:03:09]   [river] gamma=1.0 method=eucl_raw_nodiv mode=knn seed=42 data loaded in 0.53s (n_train=105 n_test=160)
[14:03:09]   [river] gamma=1.0 mode=knn seed=43 finished eucl_raw_nodiv in 0.8s (f1=0.501)
[14:03:09]   [river] gamma=1.0 mode=knn seed=45 finished eucl_raw_nodiv in 0.9s (f1=0.503)
[Parallel(n_jobs=4)]: Done   2 out of   5 | elapsed:    3.0s remaining:    4.4s
[14:03:09]   [river] gamma=1.0 mode=knn seed=42 finished eucl_raw_nodiv in 0.9s (f1=0.439)
[Parallel(n_jobs=4)]: Done   3 out of   5 | elapsed:    3.0s remaining:    2.0s
[14:03:09]   [river] gamma=1.0 mode=knn seed=44 finished eucl_raw_nodiv in 1.0s (f1=0.591)
[14:03:10] [load] fold=None seed=46 T=52 aggregate_days=7 window_size=None samples_per_step=48 n_train=105 (cap=105) n_test=160 (cap=175) classes_train=[0, 1, 4, 5]
[14:03:10]   [river] gamma=1.0 method=eucl_raw_nodiv mode=knn seed=46 data loaded in 0.46s (n_train=105 n_test=160)
[14:03:10]   [river] gamma=1.0 mode=knn seed=46 finished eucl_raw_nodiv in 0.6s (f1=0.517)
[Parallel(n_jobs=4)]: Done   5 out of   5 | elapsed:    4.1s finished
[14:03:11] [full_baseline/river] gamma=1.0 mode=knn method=eucl_raw_nodiv batch done in 4.1s peak_rss=2526MB (avg/job=632MB)
[14:03:11] [full_baseline/river] gamma=0.0001 mode=knn method=sta computing seeds=[42, 43, 44, 45, 46]
[Parallel(n_jobs=2)]: Using backend LokyBackend with 2 concurrent workers.
[14:03:13] [load] fold=None seed=42 T=52 aggregate_days=7 window_size=None samples_per_step=48 n_train=105 (cap=105) n_test=160 (cap=175) classes_train=[0, 1, 4, 5]
[14:03:13]   [river] gamma=0.0001 method=sta mode=knn seed=42 data loaded in 0.50s (n_train=105 n_test=160)
[14:03:13] [load] fold=None seed=43 T=52 aggregate_days=7 window_size=None samples_per_step=48 n_train=105 (cap=105) n_test=160 (cap=175) classes_train=[0, 1, 4, 5]
[14:03:13]   [river] gamma=0.0001 method=sta mode=knn seed=43 data loaded in 0.50s (n_train=105 n_test=160)
[16:26:11]   [river] gamma=0.0001 mode=knn seed=43 finished sta in 8577.8s (f1=0.687)
[Parallel(n_jobs=2)]: Done   1 tasks      | elapsed: 143.0min
[16:26:11]   [river] gamma=0.0001 mode=knn seed=42 finished sta in 8578.1s (f1=0.659)
[16:26:13] [load] fold=None seed=44 T=52 aggregate_days=7 window_size=None samples_per_step=48 n_train=105 (cap=105) n_test=160 (cap=175) classes_train=[0, 1, 4, 5]
[16:26:13]   [river] gamma=0.0001 method=sta mode=knn seed=44 data loaded in 0.50s (n_train=105 n_test=160)
[16:26:13] [load] fold=None seed=45 T=52 aggregate_days=7 window_size=None samples_per_step=48 n_train=105 (cap=105) n_test=160 (cap=175) classes_train=[0, 1, 4, 5]
[16:26:13]   [river] gamma=0.0001 method=sta mode=knn seed=45 data loaded in 0.53s (n_train=105 n_test=160)
[18:55:34]   [river] gamma=0.0001 mode=knn seed=44 finished sta in 8961.1s (f1=0.608)
[Parallel(n_jobs=2)]: Done   3 out of   5 | elapsed: 292.4min remaining: 194.9min
[18:55:34]   [river] gamma=0.0001 mode=knn seed=45 finished sta in 8961.2s (f1=0.707)
[18:55:34] [load] fold=None seed=46 T=52 aggregate_days=7 window_size=None samples_per_step=48 n_train=105 (cap=105) n_test=160 (cap=175) classes_train=[0, 1, 4, 5]
[18:55:34]   [river] gamma=0.0001 method=sta mode=knn seed=46 data loaded in 0.54s (n_train=105 n_test=160)
[20:35:34]   [river] gamma=0.0001 mode=knn seed=46 finished sta in 5999.9s (f1=0.667)
[Parallel(n_jobs=2)]: Done   5 out of   5 | elapsed: 392.4min finished
[20:35:55] [full_baseline/river] gamma=0.0001 mode=knn method=sta batch done in 23543.0s peak_rss=13842MB (avg/job=6921MB)
[20:35:55] [full_baseline/river] eucl_params@g=100/knn=0.540±0.048(n=5)  eucl_params_nodiv@g=100/knn=0.489±0.042(n=5)  eucl_raw@g=1/knn=0.524±0.052(n=5)  eucl_raw_nodiv@g=1/knn=0.510±0.048(n=5)  sta@g=0.0001/knn=0.666±0.033(n=5)  wasps@g=0.01/knn=0.596±0.041(n=5)  wasps_nodiv@g=0.01/knn=0.603±0.033(n=5)
[20:35:55] ===== full_baseline done =====
[done] wrote results/jax_exp1_knn_baseline/results/exp1_river.tex
[20:35:57] [dump_arrays] saved series+labels (n_train=105 n_test=160) to results/jax_exp1_knn_baseline/river_series.npy
----- cpazmal -----
[20:35:59] ===== full_baseline config=configs/exp1_baseline.yaml seed=42 n_jobs=4 sta_n_jobs=2 dataset=cpazmal gamma=None modes=['knn'] force=False debug=True verbose=True =====
[20:35:59] methods=['wasps', 'wasps_nodiv', 'eucl_params', 'eucl_params_nodiv', 'eucl_raw', 'eucl_raw_nodiv', 'sta'] bary_methods=['wasps', 'wasps_nodiv', 'eucl_params', 'eucl_params_nodiv', 'eucl_raw', 'eucl_raw_nodiv'] n_seeds=5 estimator=log_cumulant gamma_by_method={'wasps': 0.01, 'wasps_nodiv': 0.01, 'eucl_params': 0.01, 'eucl_params_nodiv': 0.01, 'eucl_raw': 0.1, 'eucl_raw_nodiv': 0.1, 'sta': 0.1}
[20:35:59] [full_baseline/cpazmal] gamma=0.01 mode=knn method=wasps computing seeds=[42, 43, 44, 45, 46]
[Parallel(n_jobs=4)]: Using backend LokyBackend with 4 concurrent workers.
[cpazmal] loading from cache (max_groups_per_class=None)
[cpazmal] loading from cache (max_groups_per_class=None)
[cpazmal] loading from cache (max_groups_per_class=None)
[cpazmal] loading from cache (max_groups_per_class=None)
[20:36:06] [load] fold=None seed=42 T=29 aggregate_days=None window_size=9 samples_per_step=48 n_train=105 (cap=105) n_test=175 (cap=175) classes_train=[0, 1, 2, 3, 4, 5, 6]
[20:36:06]   [cpazmal] gamma=0.01 method=wasps mode=knn seed=42 data loaded in 5.89s (n_train=105 n_test=175)
[20:36:06] [load] fold=None seed=44 T=29 aggregate_days=None window_size=9 samples_per_step=48 n_train=105 (cap=105) n_test=175 (cap=175) classes_train=[0, 1, 2, 3, 4, 5, 6]
[20:36:06]   [cpazmal] gamma=0.01 method=wasps mode=knn seed=44 data loaded in 5.90s (n_train=105 n_test=175)
[20:36:06] [load] fold=None seed=43 T=29 aggregate_days=None window_size=9 samples_per_step=48 n_train=105 (cap=105) n_test=175 (cap=175) classes_train=[0, 1, 2, 3, 4, 5, 6]
[20:36:06]   [cpazmal] gamma=0.01 method=wasps mode=knn seed=43 data loaded in 6.03s (n_train=105 n_test=175)
[20:36:06] [load] fold=None seed=45 T=29 aggregate_days=None window_size=9 samples_per_step=48 n_train=105 (cap=105) n_test=175 (cap=175) classes_train=[0, 1, 2, 3, 4, 5, 6]
[20:36:06]   [cpazmal] gamma=0.01 method=wasps mode=knn seed=45 data loaded in 6.02s (n_train=105 n_test=175)
[20:36:08]   [cpazmal] gamma=0.01 mode=knn seed=42 finished wasps in 1.6s (f1=0.678)
[20:36:08]   [cpazmal] gamma=0.01 mode=knn seed=44 finished wasps in 1.6s (f1=0.696)
[Parallel(n_jobs=4)]: Done   2 out of   5 | elapsed:    9.1s remaining:   13.6s
[cpazmal] loading from cache (max_groups_per_class=None)
[20:36:08]   [cpazmal] gamma=0.01 mode=knn seed=45 finished wasps in 1.6s (f1=0.644)
[Parallel(n_jobs=4)]: Done   3 out of   5 | elapsed:    9.2s remaining:    6.1s
[20:36:08]   [cpazmal] gamma=0.01 mode=knn seed=43 finished wasps in 1.7s (f1=0.645)
[20:36:13] [load] fold=None seed=46 T=29 aggregate_days=None window_size=9 samples_per_step=48 n_train=105 (cap=105) n_test=175 (cap=175) classes_train=[0, 1, 2, 3, 4, 5, 6]
[20:36:13]   [cpazmal] gamma=0.01 method=wasps mode=knn seed=46 data loaded in 5.14s (n_train=105 n_test=175)
[20:36:14]   [cpazmal] gamma=0.01 mode=knn seed=46 finished wasps in 1.1s (f1=0.697)
[Parallel(n_jobs=4)]: Done   5 out of   5 | elapsed:   15.3s finished
[20:36:15] [full_baseline/cpazmal] gamma=0.01 mode=knn method=wasps batch done in 15.3s peak_rss=7239MB (avg/job=1810MB)
[20:36:15] [full_baseline/cpazmal] gamma=0.01 mode=knn method=wasps_nodiv computing seeds=[42, 43, 44, 45, 46]
[Parallel(n_jobs=4)]: Using backend LokyBackend with 4 concurrent workers.
[cpazmal] loading from cache (max_groups_per_class=None)
[cpazmal] loading from cache (max_groups_per_class=None)
[cpazmal] loading from cache (max_groups_per_class=None)
[cpazmal] loading from cache (max_groups_per_class=None)
[20:36:23] [load] fold=None seed=42 T=29 aggregate_days=None window_size=9 samples_per_step=48 n_train=105 (cap=105) n_test=175 (cap=175) classes_train=[0, 1, 2, 3, 4, 5, 6]
[20:36:23]   [cpazmal] gamma=0.01 method=wasps_nodiv mode=knn seed=42 data loaded in 6.33s (n_train=105 n_test=175)
[20:36:23] [load] fold=None seed=44 T=29 aggregate_days=None window_size=9 samples_per_step=48 n_train=105 (cap=105) n_test=175 (cap=175) classes_train=[0, 1, 2, 3, 4, 5, 6]
[20:36:23]   [cpazmal] gamma=0.01 method=wasps_nodiv mode=knn seed=44 data loaded in 6.33s (n_train=105 n_test=175)
[20:36:23] [load] fold=None seed=43 T=29 aggregate_days=None window_size=9 samples_per_step=48 n_train=105 (cap=105) n_test=175 (cap=175) classes_train=[0, 1, 2, 3, 4, 5, 6]
[20:36:23] [load] fold=None seed=45 T=29 aggregate_days=None window_size=9 samples_per_step=48 n_train=105 (cap=105) n_test=175 (cap=175) classes_train=[0, 1, 2, 3, 4, 5, 6]
[20:36:23]   [cpazmal] gamma=0.01 method=wasps_nodiv mode=knn seed=43 data loaded in 6.40s (n_train=105 n_test=175)
[20:36:23]   [cpazmal] gamma=0.01 method=wasps_nodiv mode=knn seed=45 data loaded in 6.39s (n_train=105 n_test=175)
[20:36:24]   [cpazmal] gamma=0.01 mode=knn seed=42 finished wasps_nodiv in 1.2s (f1=0.611)
[20:36:24]   [cpazmal] gamma=0.01 mode=knn seed=43 finished wasps_nodiv in 1.2s (f1=0.609)
[Parallel(n_jobs=4)]: Done   2 out of   5 | elapsed:    9.2s remaining:   13.8s
[20:36:24]   [cpazmal] gamma=0.01 mode=knn seed=44 finished wasps_nodiv in 1.3s (f1=0.627)
[Parallel(n_jobs=4)]: Done   3 out of   5 | elapsed:    9.2s remaining:    6.1s
[cpazmal] loading from cache (max_groups_per_class=None)
[20:36:24]   [cpazmal] gamma=0.01 mode=knn seed=45 finished wasps_nodiv in 1.2s (f1=0.553)
[20:36:29] [load] fold=None seed=46 T=29 aggregate_days=None window_size=9 samples_per_step=48 n_train=105 (cap=105) n_test=175 (cap=175) classes_train=[0, 1, 2, 3, 4, 5, 6]
[20:36:29]   [cpazmal] gamma=0.01 method=wasps_nodiv mode=knn seed=46 data loaded in 5.21s (n_train=105 n_test=175)
[20:36:30]   [cpazmal] gamma=0.01 mode=knn seed=46 finished wasps_nodiv in 0.7s (f1=0.611)
[Parallel(n_jobs=4)]: Done   5 out of   5 | elapsed:   15.1s finished
[20:36:30] [full_baseline/cpazmal] gamma=0.01 mode=knn method=wasps_nodiv batch done in 15.1s peak_rss=7487MB (avg/job=1872MB)
[20:36:30] [full_baseline/cpazmal] gamma=0.01 mode=knn method=eucl_params computing seeds=[42, 43, 44, 45, 46]
[Parallel(n_jobs=4)]: Using backend LokyBackend with 4 concurrent workers.
[cpazmal] loading from cache (max_groups_per_class=None)
[cpazmal] loading from cache (max_groups_per_class=None)
[cpazmal] loading from cache (max_groups_per_class=None)
[cpazmal] loading from cache (max_groups_per_class=None)
[20:36:38] [load] fold=None seed=43 T=29 aggregate_days=None window_size=9 samples_per_step=48 n_train=105 (cap=105) n_test=175 (cap=175) classes_train=[0, 1, 2, 3, 4, 5, 6]
[20:36:38]   [cpazmal] gamma=0.01 method=eucl_params mode=knn seed=43 data loaded in 6.42s (n_train=105 n_test=175)
[20:36:38] [load] fold=None seed=45 T=29 aggregate_days=None window_size=9 samples_per_step=48 n_train=105 (cap=105) n_test=175 (cap=175) classes_train=[0, 1, 2, 3, 4, 5, 6]
[20:36:38]   [cpazmal] gamma=0.01 method=eucl_params mode=knn seed=45 data loaded in 6.42s (n_train=105 n_test=175)
[20:36:38] [load] fold=None seed=42 T=29 aggregate_days=None window_size=9 samples_per_step=48 n_train=105 (cap=105) n_test=175 (cap=175) classes_train=[0, 1, 2, 3, 4, 5, 6]
[20:36:38]   [cpazmal] gamma=0.01 method=eucl_params mode=knn seed=42 data loaded in 6.45s (n_train=105 n_test=175)
[20:36:38] [load] fold=None seed=44 T=29 aggregate_days=None window_size=9 samples_per_step=48 n_train=105 (cap=105) n_test=175 (cap=175) classes_train=[0, 1, 2, 3, 4, 5, 6]
[20:36:38]   [cpazmal] gamma=0.01 method=eucl_params mode=knn seed=44 data loaded in 6.50s (n_train=105 n_test=175)
[20:36:40]   [cpazmal] gamma=0.01 mode=knn seed=43 finished eucl_params in 1.3s (f1=0.387)
[20:36:40]   [cpazmal] gamma=0.01 mode=knn seed=45 finished eucl_params in 1.3s (f1=0.319)
[Parallel(n_jobs=4)]: Done   2 out of   5 | elapsed:    9.3s remaining:   14.0s
[20:36:40]   [cpazmal] gamma=0.01 mode=knn seed=42 finished eucl_params in 1.4s (f1=0.321)
[Parallel(n_jobs=4)]: Done   3 out of   5 | elapsed:    9.4s remaining:    6.2s
[cpazmal] loading from cache (max_groups_per_class=None)
[20:36:40]   [cpazmal] gamma=0.01 mode=knn seed=44 finished eucl_params in 1.4s (f1=0.376)
[20:36:45] [load] fold=None seed=46 T=29 aggregate_days=None window_size=9 samples_per_step=48 n_train=105 (cap=105) n_test=175 (cap=175) classes_train=[0, 1, 2, 3, 4, 5, 6]
[20:36:45]   [cpazmal] gamma=0.01 method=eucl_params mode=knn seed=46 data loaded in 5.28s (n_train=105 n_test=175)
[20:36:46]   [cpazmal] gamma=0.01 mode=knn seed=46 finished eucl_params in 0.7s (f1=0.348)
[Parallel(n_jobs=4)]: Done   5 out of   5 | elapsed:   15.3s finished
[20:36:46] [full_baseline/cpazmal] gamma=0.01 mode=knn method=eucl_params batch done in 15.4s peak_rss=7477MB (avg/job=1869MB)
[20:36:46] [full_baseline/cpazmal] gamma=0.01 mode=knn method=eucl_params_nodiv computing seeds=[42, 43, 44, 45, 46]
[Parallel(n_jobs=4)]: Using backend LokyBackend with 4 concurrent workers.
[cpazmal] loading from cache (max_groups_per_class=None)
[cpazmal] loading from cache (max_groups_per_class=None)
[cpazmal] loading from cache (max_groups_per_class=None)
[cpazmal] loading from cache (max_groups_per_class=None)
[20:36:54] [load] fold=None seed=42 T=29 aggregate_days=None window_size=9 samples_per_step=48 n_train=105 (cap=105) n_test=175 (cap=175) classes_train=[0, 1, 2, 3, 4, 5, 6]
[20:36:54] [load] fold=None seed=43 T=29 aggregate_days=None window_size=9 samples_per_step=48 n_train=105 (cap=105) n_test=175 (cap=175) classes_train=[0, 1, 2, 3, 4, 5, 6]
[20:36:54]   [cpazmal] gamma=0.01 method=eucl_params_nodiv mode=knn seed=42 data loaded in 6.08s (n_train=105 n_test=175)
[20:36:54]   [cpazmal] gamma=0.01 method=eucl_params_nodiv mode=knn seed=43 data loaded in 6.09s (n_train=105 n_test=175)
[20:36:54] [load] fold=None seed=44 T=29 aggregate_days=None window_size=9 samples_per_step=48 n_train=105 (cap=105) n_test=175 (cap=175) classes_train=[0, 1, 2, 3, 4, 5, 6]
[20:36:54]   [cpazmal] gamma=0.01 method=eucl_params_nodiv mode=knn seed=44 data loaded in 6.11s (n_train=105 n_test=175)
[20:36:54] [load] fold=None seed=45 T=29 aggregate_days=None window_size=9 samples_per_step=48 n_train=105 (cap=105) n_test=175 (cap=175) classes_train=[0, 1, 2, 3, 4, 5, 6]
[20:36:54]   [cpazmal] gamma=0.01 method=eucl_params_nodiv mode=knn seed=45 data loaded in 6.20s (n_train=105 n_test=175)
[20:36:55]   [cpazmal] gamma=0.01 mode=knn seed=43 finished eucl_params_nodiv in 1.0s (f1=0.384)
[20:36:55]   [cpazmal] gamma=0.01 mode=knn seed=42 finished eucl_params_nodiv in 1.1s (f1=0.324)
[Parallel(n_jobs=4)]: Done   2 out of   5 | elapsed:    8.7s remaining:   13.1s
[cpazmal] loading from cache (max_groups_per_class=None)
[20:36:55]   [cpazmal] gamma=0.01 mode=knn seed=44 finished eucl_params_nodiv in 1.1s (f1=0.377)
[Parallel(n_jobs=4)]: Done   3 out of   5 | elapsed:    8.8s remaining:    5.8s
[20:36:55]   [cpazmal] gamma=0.01 mode=knn seed=45 finished eucl_params_nodiv in 1.0s (f1=0.324)
[20:37:00] [load] fold=None seed=46 T=29 aggregate_days=None window_size=9 samples_per_step=48 n_train=105 (cap=105) n_test=175 (cap=175) classes_train=[0, 1, 2, 3, 4, 5, 6]
[20:37:00]   [cpazmal] gamma=0.01 method=eucl_params_nodiv mode=knn seed=46 data loaded in 5.19s (n_train=105 n_test=175)
[20:37:01]   [cpazmal] gamma=0.01 mode=knn seed=46 finished eucl_params_nodiv in 0.5s (f1=0.350)
[Parallel(n_jobs=4)]: Done   5 out of   5 | elapsed:   14.4s finished
[20:37:01] [full_baseline/cpazmal] gamma=0.01 mode=knn method=eucl_params_nodiv batch done in 14.4s peak_rss=7478MB (avg/job=1870MB)
[20:37:01] [full_baseline/cpazmal] gamma=0.1 mode=knn method=eucl_raw computing seeds=[42, 43, 44, 45, 46]
[Parallel(n_jobs=4)]: Using backend LokyBackend with 4 concurrent workers.
[cpazmal] loading from cache (max_groups_per_class=None)
[cpazmal] loading from cache (max_groups_per_class=None)
[cpazmal] loading from cache (max_groups_per_class=None)
[cpazmal] loading from cache (max_groups_per_class=None)
[20:37:09] [load] fold=None seed=45 T=29 aggregate_days=None window_size=9 samples_per_step=48 n_train=105 (cap=105) n_test=175 (cap=175) classes_train=[0, 1, 2, 3, 4, 5, 6]
[20:37:09]   [cpazmal] gamma=0.1 method=eucl_raw mode=knn seed=45 data loaded in 6.11s (n_train=105 n_test=175)
[20:37:09] [load] fold=None seed=43 T=29 aggregate_days=None window_size=9 samples_per_step=48 n_train=105 (cap=105) n_test=175 (cap=175) classes_train=[0, 1, 2, 3, 4, 5, 6]
[20:37:09]   [cpazmal] gamma=0.1 method=eucl_raw mode=knn seed=43 data loaded in 6.13s (n_train=105 n_test=175)
[20:37:09] [load] fold=None seed=42 T=29 aggregate_days=None window_size=9 samples_per_step=48 n_train=105 (cap=105) n_test=175 (cap=175) classes_train=[0, 1, 2, 3, 4, 5, 6]
[20:37:09]   [cpazmal] gamma=0.1 method=eucl_raw mode=knn seed=42 data loaded in 6.14s (n_train=105 n_test=175)
[20:37:09] [load] fold=None seed=44 T=29 aggregate_days=None window_size=9 samples_per_step=48 n_train=105 (cap=105) n_test=175 (cap=175) classes_train=[0, 1, 2, 3, 4, 5, 6]
[20:37:09]   [cpazmal] gamma=0.1 method=eucl_raw mode=knn seed=44 data loaded in 6.14s (n_train=105 n_test=175)
[20:37:10]   [cpazmal] gamma=0.1 mode=knn seed=45 finished eucl_raw in 1.0s (f1=0.618)
[20:37:10]   [cpazmal] gamma=0.1 mode=knn seed=43 finished eucl_raw in 1.0s (f1=0.617)
[Parallel(n_jobs=4)]: Done   2 out of   5 | elapsed:    8.7s remaining:   13.0s
[20:37:10]   [cpazmal] gamma=0.1 mode=knn seed=42 finished eucl_raw in 1.0s (f1=0.615)
[Parallel(n_jobs=4)]: Done   3 out of   5 | elapsed:    8.7s remaining:    5.8s
[20:37:10]   [cpazmal] gamma=0.1 mode=knn seed=44 finished eucl_raw in 1.0s (f1=0.636)
[cpazmal] loading from cache (max_groups_per_class=None)
[20:37:15] [load] fold=None seed=46 T=29 aggregate_days=None window_size=9 samples_per_step=48 n_train=105 (cap=105) n_test=175 (cap=175) classes_train=[0, 1, 2, 3, 4, 5, 6]
[20:37:15]   [cpazmal] gamma=0.1 method=eucl_raw mode=knn seed=46 data loaded in 5.15s (n_train=105 n_test=175)
[20:37:16]   [cpazmal] gamma=0.1 mode=knn seed=46 finished eucl_raw in 0.7s (f1=0.444)
[Parallel(n_jobs=4)]: Done   5 out of   5 | elapsed:   14.6s finished
[20:37:16] [full_baseline/cpazmal] gamma=0.1 mode=knn method=eucl_raw batch done in 14.6s peak_rss=7486MB (avg/job=1871MB)
[20:37:16] [full_baseline/cpazmal] gamma=0.1 mode=knn method=eucl_raw_nodiv computing seeds=[42, 43, 44, 45, 46]
[Parallel(n_jobs=4)]: Using backend LokyBackend with 4 concurrent workers.
[cpazmal] loading from cache (max_groups_per_class=None)
[cpazmal] loading from cache (max_groups_per_class=None)
[cpazmal] loading from cache (max_groups_per_class=None)
[cpazmal] loading from cache (max_groups_per_class=None)
[20:37:24] [load] fold=None seed=42 T=29 aggregate_days=None window_size=9 samples_per_step=48 n_train=105 (cap=105) n_test=175 (cap=175) classes_train=[0, 1, 2, 3, 4, 5, 6]
[20:37:24]   [cpazmal] gamma=0.1 method=eucl_raw_nodiv mode=knn seed=42 data loaded in 6.16s (n_train=105 n_test=175)
[20:37:24] [load] fold=None seed=44 T=29 aggregate_days=None window_size=9 samples_per_step=48 n_train=105 (cap=105) n_test=175 (cap=175) classes_train=[0, 1, 2, 3, 4, 5, 6]
[20:37:24]   [cpazmal] gamma=0.1 method=eucl_raw_nodiv mode=knn seed=44 data loaded in 6.19s (n_train=105 n_test=175)
[20:37:24] [load] fold=None seed=43 T=29 aggregate_days=None window_size=9 samples_per_step=48 n_train=105 (cap=105) n_test=175 (cap=175) classes_train=[0, 1, 2, 3, 4, 5, 6]
[20:37:24]   [cpazmal] gamma=0.1 method=eucl_raw_nodiv mode=knn seed=43 data loaded in 6.26s (n_train=105 n_test=175)
[20:37:24] [load] fold=None seed=45 T=29 aggregate_days=None window_size=9 samples_per_step=48 n_train=105 (cap=105) n_test=175 (cap=175) classes_train=[0, 1, 2, 3, 4, 5, 6]
[20:37:24]   [cpazmal] gamma=0.1 method=eucl_raw_nodiv mode=knn seed=45 data loaded in 6.31s (n_train=105 n_test=175)
[20:37:25]   [cpazmal] gamma=0.1 mode=knn seed=42 finished eucl_raw_nodiv in 0.6s (f1=0.615)
[20:37:25]   [cpazmal] gamma=0.1 mode=knn seed=44 finished eucl_raw_nodiv in 0.6s (f1=0.631)
[Parallel(n_jobs=4)]: Done   2 out of   5 | elapsed:    8.4s remaining:   12.6s
[cpazmal] loading from cache (max_groups_per_class=None)
[20:37:25]   [cpazmal] gamma=0.1 mode=knn seed=43 finished eucl_raw_nodiv in 0.6s (f1=0.618)
[Parallel(n_jobs=4)]: Done   3 out of   5 | elapsed:    8.5s remaining:    5.6s
[20:37:25]   [cpazmal] gamma=0.1 mode=knn seed=45 finished eucl_raw_nodiv in 0.6s (f1=0.614)
[20:37:30] [load] fold=None seed=46 T=29 aggregate_days=None window_size=9 samples_per_step=48 n_train=105 (cap=105) n_test=175 (cap=175) classes_train=[0, 1, 2, 3, 4, 5, 6]
[20:37:30]   [cpazmal] gamma=0.1 method=eucl_raw_nodiv mode=knn seed=46 data loaded in 5.19s (n_train=105 n_test=175)
[20:37:30]   [cpazmal] gamma=0.1 mode=knn seed=46 finished eucl_raw_nodiv in 0.3s (f1=0.444)
[Parallel(n_jobs=4)]: Done   5 out of   5 | elapsed:   14.0s finished
[20:37:31] [full_baseline/cpazmal] gamma=0.1 mode=knn method=eucl_raw_nodiv batch done in 14.0s peak_rss=7484MB (avg/job=1871MB)
[20:37:31] [full_baseline/cpazmal] gamma=0.1 mode=knn method=sta computing seeds=[42, 43, 44, 45, 46]
[Parallel(n_jobs=2)]: Using backend LokyBackend with 2 concurrent workers.
[cpazmal] loading from cache (max_groups_per_class=None)
[cpazmal] loading from cache (max_groups_per_class=None)
[20:37:38] [load] fold=None seed=43 T=29 aggregate_days=None window_size=9 samples_per_step=48 n_train=105 (cap=105) n_test=175 (cap=175) classes_train=[0, 1, 2, 3, 4, 5, 6]
[20:37:38]   [cpazmal] gamma=0.1 method=sta mode=knn seed=43 data loaded in 5.35s (n_train=105 n_test=175)
[20:37:38] [load] fold=None seed=42 T=29 aggregate_days=None window_size=9 samples_per_step=48 n_train=105 (cap=105) n_test=175 (cap=175) classes_train=[0, 1, 2, 3, 4, 5, 6]
[20:37:38]   [cpazmal] gamma=0.1 method=sta mode=knn seed=42 data loaded in 5.60s (n_train=105 n_test=175)
[21:46:02]   [cpazmal] gamma=0.1 mode=knn seed=43 finished sta in 4104.6s (f1=0.671)
[Parallel(n_jobs=2)]: Done   1 tasks      | elapsed: 68.5min
[21:46:03]   [cpazmal] gamma=0.1 mode=knn seed=42 finished sta in 4104.8s (f1=0.652)
[cpazmal] loading from cache (max_groups_per_class=None)
[cpazmal] loading from cache (max_groups_per_class=None)
[21:46:09] [load] fold=None seed=44 T=29 aggregate_days=None window_size=9 samples_per_step=48 n_train=105 (cap=105) n_test=175 (cap=175) classes_train=[0, 1, 2, 3, 4, 5, 6]
[21:46:09]   [cpazmal] gamma=0.1 method=sta mode=knn seed=44 data loaded in 5.43s (n_train=105 n_test=175)
[21:46:10] [load] fold=None seed=45 T=29 aggregate_days=None window_size=9 samples_per_step=48 n_train=105 (cap=105) n_test=175 (cap=175) classes_train=[0, 1, 2, 3, 4, 5, 6]
[21:46:10]   [cpazmal] gamma=0.1 method=sta mode=knn seed=45 data loaded in 5.75s (n_train=105 n_test=175)
[22:56:51]   [cpazmal] gamma=0.1 mode=knn seed=44 finished sta in 4242.4s (f1=0.700)
[Parallel(n_jobs=2)]: Done   3 out of   5 | elapsed: 139.3min remaining: 92.9min
[cpazmal] loading from cache (max_groups_per_class=None)
[22:56:52]   [cpazmal] gamma=0.1 mode=knn seed=45 finished sta in 4242.3s (f1=0.630)
[22:56:57] [load] fold=None seed=46 T=29 aggregate_days=None window_size=9 samples_per_step=48 n_train=105 (cap=105) n_test=175 (cap=175) classes_train=[0, 1, 2, 3, 4, 5, 6]
[22:56:57]   [cpazmal] gamma=0.1 method=sta mode=knn seed=46 data loaded in 5.25s (n_train=105 n_test=175)
[23:55:52]   [cpazmal] gamma=0.1 mode=knn seed=46 finished sta in 3535.8s (f1=0.615)
[Parallel(n_jobs=2)]: Done   5 out of   5 | elapsed: 198.4min finished
[23:56:13] [full_baseline/cpazmal] gamma=0.1 mode=knn method=sta batch done in 11901.7s peak_rss=16129MB (avg/job=8064MB)
[23:56:13] [full_baseline/cpazmal] eucl_params@g=0.01/knn=0.350±0.028(n=5)  eucl_params_nodiv@g=0.01/knn=0.352±0.026(n=5)  eucl_raw@g=0.1/knn=0.586±0.072(n=5)  eucl_raw_nodiv@g=0.1/knn=0.585±0.071(n=5)  sta@g=0.1/knn=0.654±0.030(n=5)  wasps@g=0.01/knn=0.672±0.023(n=5)  wasps_nodiv@g=0.01/knn=0.602±0.026(n=5)
[23:56:13] ===== full_baseline done =====
[done] wrote results/jax_exp1_knn_baseline/results/exp1_cpazmal.tex
[cpazmal] loading from cache (max_groups_per_class=None)
[23:56:21] [dump_arrays] saved series+labels (n_train=105 n_test=175) to results/jax_exp1_knn_baseline/cpazmal_series.npy
===== 2026-07-14 23:56:21 exp1_knn_baseline done =====
